.next/types/validator.ts(413,39): error TS2307: Cannot find module '../../src/app/demo/page.js' or its corresponding type declarations.
scripts/seed-gl-2026.ts(149,11): error TS2353: Object literal may only specify known properties, and 'typenote' does not exist in type 'Without<NoteCreateInput, NoteUncheckedCreateInput> & NoteUncheckedCreateInput'.
src/app/api/enseignants/dashboard/route.ts(187,18): error TS2339: Property 'typenote' does not exist on type '{ etudiant: { user: { nom: string; prenom: string; }; } & { id: string; classeId: string | null; userId: string; matricule: string; datenaissance: Date | null; lieunaissance: string | null; ... 5 more ...; tivalenteemail: string | null; }; matiere: { ...; }; } & { ...; }'.
src/app/api/enseignants/dashboard/route.ts(197,18): error TS2339: Property 'typenote' does not exist on type '{ etudiant: { user: { nom: string; prenom: string; }; } & { id: string; classeId: string | null; userId: string; matricule: string; datenaissance: Date | null; lieunaissance: string | null; ... 5 more ...; tivalenteemail: string | null; }; matiere: { ...; }; } & { ...; }'.
src/app/api/etudiant/dashboard/route.ts(87,21): error TS2339: Property 'typenote' does not exist on type '{ matiere: { id: string; code: string; intitule: string; seuilreussite: number; credits: number; }; semestre: { id: string; anneeacademique: string; actif: boolean; libelle: string; datedebut: Date; datefin: Date; cloture: boolean; }; } & { ...; }'.
src/app/api/etudiants/[id]/export/route.ts(88,16): error TS2339: Property 'typenote' does not exist on type '{ matiere: { id: string; code: string; intitule: string; seuilreussite: number; credits: number; }; semestre: { id: string; anneeacademique: string; actif: boolean; libelle: string; datedebut: Date; datefin: Date; cloture: boolean; }; } & { ...; }'.
src/app/api/etudiants/dashboard/route.ts(104,18): error TS2339: Property 'typenote' does not exist on type '{ matiere: { id: string; code: string; intitule: string; seuilreussite: number; credits: number; }; } & { id: string; matiereId: string; etudiantId: string; valeur: number; datenote: Date; appreciation: string | null; ... 6 more ...; valideeparId: string | null; }'.
src/app/api/notes/[id]/contester/route.ts(17,39): error TS2339: Property 'contestation' does not exist on type 'PrismaClient<PrismaClientOptions, never, DefaultArgs>'.
src/app/api/notes/valider/route.ts(43,13): error TS2353: Object literal may only specify known properties, and 'etudiantId_matiereId_semestreId_typenote' does not exist in type 'NoteWhereUniqueInput'.
src/app/api/notes/valider/route.ts(61,13): error TS2353: Object literal may only specify known properties, and 'typenote' does not exist in type 'Without<NoteCreateInput, NoteUncheckedCreateInput> & NoteUncheckedCreateInput'.
src/app/api/qrcodes/verify/route.ts(50,19): error TS18047: 'qrCode.bulletin' is possibly 'null'.
src/app/api/qrcodes/verify/route.ts(51,19): error TS18047: 'qrCode.bulletin' is possibly 'null'.
src/app/api/qrcodes/verify/route.ts(61,11): error TS18047: 'qrCode.bulletin' is possibly 'null'.
src/app/api/qrcodes/verify/route.ts(63,13): error TS18047: 'qrCode.bulletin' is possibly 'null'.
src/app/api/qrcodes/verify/route.ts(64,14): error TS18047: 'qrCode.bulletin' is possibly 'null'.
src/app/api/qrcodes/verify/route.ts(65,17): error TS18047: 'qrCode.bulletin' is possibly 'null'.
src/app/api/qrcodes/verify/route.ts(66,20): error TS18047: 'qrCode.bulletin' is possibly 'null'.
src/app/api/qrcodes/verify/route.ts(67,17): error TS18047: 'qrCode.bulletin' is possibly 'null'.
src/app/api/qrcodes/verify/route.ts(69,17): error TS18047: 'qrCode.bulletin' is possibly 'null'.
src/app/api/qrcodes/verify/route.ts(70,24): error TS18047: 'qrCode.bulletin' is possibly 'null'.
src/app/api/qrcodes/verify/route.ts(71,14): error TS18047: 'qrCode.bulletin' is possibly 'null'.
src/app/api/qrcodes/verify/route.ts(76,17): error TS2339: Property 'typenote' does not exist on type '{ matiere: { id: string; code: string; intitule: string; seuilreussite: number; credits: number; }; } & { id: string; matiereId: string; etudiantId: string; valeur: number; datenote: Date; appreciation: string | null; ... 6 more ...; valideeparId: string | null; }'.
src/app/api/retrographique/route.ts(187,63): error TS2345: Argument of type '({ matiere: { id: string; code: string; intitule: string; seuilreussite: number; credits: number; }; semestre: { id: string; anneeacademique: string; actif: boolean; libelle: string; datedebut: Date; datefin: Date; cloture: boolean; }; saisipar: ({ ...; } & { ...; }) | null; } & { ...; })[]' is not assignable to parameter of type 'MiniNote[]'.
  Property 'typenote' is missing in type '{ matiere: { id: string; code: string; intitule: string; seuilreussite: number; credits: number; }; semestre: { id: string; anneeacademique: string; actif: boolean; libelle: string; datedebut: Date; datefin: Date; cloture: boolean; }; saisipar: ({ ...; } & { ...; }) | null; } & { ...; }' but required in type 'MiniNote'.
src/app/api/retrographique/route.ts(190,57): error TS2345: Argument of type '({ matiere: { id: string; code: string; intitule: string; seuilreussite: number; credits: number; }; semestre: { id: string; anneeacademique: string; actif: boolean; libelle: string; datedebut: Date; datefin: Date; cloture: boolean; }; saisipar: ({ ...; } & { ...; }) | null; } & { ...; })[]' is not assignable to parameter of type 'MiniNote[]'.
  Property 'typenote' is missing in type '{ matiere: { id: string; code: string; intitule: string; seuilreussite: number; credits: number; }; semestre: { id: string; anneeacademique: string; actif: boolean; libelle: string; datedebut: Date; datefin: Date; cloture: boolean; }; saisipar: ({ ...; } & { ...; }) | null; } & { ...; }' but required in type 'MiniNote'.
src/app/api/retrographique/route.ts(193,66): error TS2345: Argument of type '({ matiere: { id: string; code: string; intitule: string; seuilreussite: number; credits: number; }; semestre: { id: string; anneeacademique: string; actif: boolean; libelle: string; datedebut: Date; datefin: Date; cloture: boolean; }; saisipar: ({ ...; } & { ...; }) | null; } & { ...; })[]' is not assignable to parameter of type 'MiniNote[]'.
  Property 'typenote' is missing in type '{ matiere: { id: string; code: string; intitule: string; seuilreussite: number; credits: number; }; semestre: { id: string; anneeacademique: string; actif: boolean; libelle: string; datedebut: Date; datefin: Date; cloture: boolean; }; saisipar: ({ ...; } & { ...; }) | null; } & { ...; }' but required in type 'MiniNote'.
src/app/api/retrographique/route.ts(196,60): error TS2345: Argument of type '({ matiere: { id: string; code: string; intitule: string; seuilreussite: number; credits: number; }; semestre: { id: string; anneeacademique: string; actif: boolean; libelle: string; datedebut: Date; datefin: Date; cloture: boolean; }; saisipar: ({ ...; } & { ...; }) | null; } & { ...; })[]' is not assignable to parameter of type 'MiniNote[]'.
  Property 'typenote' is missing in type '{ matiere: { id: string; code: string; intitule: string; seuilreussite: number; credits: number; }; semestre: { id: string; anneeacademique: string; actif: boolean; libelle: string; datedebut: Date; datefin: Date; cloture: boolean; }; saisipar: ({ ...; } & { ...; }) | null; } & { ...; }' but required in type 'MiniNote'.
src/app/api/retrographique/route.ts(213,25): error TS2339: Property 'typenote' does not exist on type '{ matiere: { id: string; code: string; intitule: string; seuilreussite: number; credits: number; }; semestre: { id: string; anneeacademique: string; actif: boolean; libelle: string; datedebut: Date; datefin: Date; cloture: boolean; }; saisipar: ({ ...; } & { ...; }) | null; } & { ...; }'.
src/app/api/retrographique/route.ts(351,13): error TS2353: Object literal may only specify known properties, and 'etudiantId_matiereId_semestreId_typenote' does not exist in type 'NoteWhereUniqueInput'.
src/app/api/retrographique/route.ts(365,13): error TS2353: Object literal may only specify known properties, and 'typenote' does not exist in type 'Without<NoteCreateInput, NoteUncheckedCreateInput> & NoteUncheckedCreateInput'.
